jit_compiler: executed JIT predicate
jit_compiler: executed JIT predicate
